
> frontend@0.0.0 build
> tsc -b && vite build

src/components/ChatAssistant.tsx(2,24): error TS6133: 'User' is declared but its value is never read.
src/components/ChatAssistant.tsx(2,93): error TS6133: 'Minimize' is declared but its value is never read.
src/components/ChatAssistant.tsx(59,12): error TS6133: 'suggestionsLoading' is declared but its value is never read.
src/components/FocusView.tsx(2,40): error TS6133: 'Bot' is declared but its value is never read.
src/services/api.test.ts(46,11): error TS6133: 'mockNewAccessToken' is declared but its value is never read.
src/services/api.test.ts(47,11): error TS6133: 'mockNewRefreshToken' is declared but its value is never read.
