
> frontend@0.0.0 build
> tsc -b && vite build

src/services/api.test.ts(30,21): error TS18048: 'api.interceptors.request.handlers' is possibly 'undefined'.
src/services/api.test.ts(32,28): error TS2345: Argument of type '{ headers: {}; }' is not assignable to parameter of type 'InternalAxiosRequestConfig<any>'.
  Types of property 'headers' are incompatible.
    Type '{}' is not assignable to type 'AxiosRequestHeaders'.
      Type '{}' is missing the following properties from type 'AxiosHeaders': set, get, has, delete, and 24 more.
src/services/api.test.ts(34,19): error TS2339: Property 'headers' does not exist on type 'InternalAxiosRequestConfig<any> | Promise<InternalAxiosRequestConfig<any>>'.
  Property 'headers' does not exist on type 'Promise<InternalAxiosRequestConfig<any>>'.
src/services/api.test.ts(41,20): error TS18048: 'api.interceptors.request.handlers' is possibly 'undefined'.
src/services/api.test.ts(41,67): error TS2345: Argument of type '{ headers: {}; }' is not assignable to parameter of type 'InternalAxiosRequestConfig<any>'.
  Types of property 'headers' are incompatible.
    Type '{}' is not assignable to type 'AxiosRequestHeaders'.
      Type '{}' is missing the following properties from type 'AxiosHeaders': set, get, has, delete, and 24 more.
src/services/api.test.ts(43,19): error TS2339: Property 'headers' does not exist on type 'InternalAxiosRequestConfig<any> | Promise<InternalAxiosRequestConfig<any>>'.
  Property 'headers' does not exist on type 'Promise<InternalAxiosRequestConfig<any>>'.
src/services/api.test.ts(56,11): error TS6133: 'originalError' is declared but its value is never read.
src/services/api.test.ts(68,21): error TS18048: 'api.interceptors.response.handlers' is possibly 'undefined'.
src/services/api.test.ts(76,11): error TS6133: 'originalError' is declared but its value is never read.
src/services/api.test.ts(81,21): error TS18048: 'api.interceptors.response.handlers' is possibly 'undefined'.
src/services/api.test.ts(86,11): error TS6133: 'originalError' is declared but its value is never read.
src/services/api.test.ts(91,21): error TS18048: 'api.interceptors.response.handlers' is possibly 'undefined'.
src/services/api.test.ts(97,21): error TS18048: 'api.interceptors.response.handlers' is possibly 'undefined'.
src/services/api.test.ts(98,28): error TS2345: Argument of type '{ data: { test: string; }; status: number; }' is not assignable to parameter of type 'AxiosResponse<any, any, {}>'.
  Type '{ data: { test: string; }; status: number; }' is missing the following properties from type 'AxiosResponse<any, any, {}>': statusText, headers, config
