src/components/CommentsPanel.tsx(4,1): error TS6133: 'useAuth' is declared but its value is never read.
src/pages/TrashPage.tsx(6,20): error TS2307: Cannot find module '../components/Navbar' or its corresponding type declarations.
src/pages/TrashPage.tsx(23,13): error TS2339: Property 'token' does not exist on type 'AuthContextType'.
src/pages/TrashPage.tsx(96,51): error TS2367: This comparison appears to be unintentional because the types 'UserRole | undefined' and '"ADMIN"' have no overlap.
