FAILURES ===================================
________________________ test_tag_validation_workflow _________________________

self = <sqlalchemy.dialects.postgresql.asyncpg.AsyncAdapt_asyncpg_cursor object at 0x000001C6AEA6F5E0>
operation = 'INSERT INTO documents (id, title, file_type, owner_id, department, category, status, current_version_id, is_restricte...$7::documentstatus, $8::UUID, $9::BOOLEAN, $10::BOOLEAN, $11::TIMESTAMP WITH TIME ZONE) RETURNING documents.created_at'
parameters = ('719ec08b-f2b9-41fa-a8b4-c2d21a74b568', 'Test Deep Analysis', None, None, 'Legal', 'Contratto', ...)

    async def _prepare_and_execute(self, operation, parameters):
        adapt_connection = self._adapt_connection
    
        async with adapt_connection._execute_mutex:
            if not adapt_connection._started:
                await adapt_connection._start_transaction()
    
            if parameters is None:
                parameters = ()
    
            try:
>               prepared_stmt, attributes = await adapt_connection._prepare(
                    operation, self._invalidate_schema_cache_asof
                )

..\..\AppData\Local\Python\pythoncore-3.14-64\Lib\site-packages\sqlalchemy\dialects\postgresql\asyncpg.py:526: 
_ _ _ _ _ _ _ _ _ _ _ _ _ _ _ _ _ _ _ _ _ _ _ _ _ _ _ _ _ _ _ _ _ _ _ _ _ _ _ _
..\..\AppData\Local\Python\pythoncore-3.14-64\Lib\site-packages\sqlalchemy\dialects\postgresql\asyncpg.py:773: in _prepare
    prepared_stmt = await self._connection.prepare(
..\..\AppData\Local\Python\pythoncore-3.14-64\Lib\site-packages\asyncpg\connection.py:638: in prepare
    return await self._prepare(
..\..\AppData\Local\Python\pythoncore-3.14-64\Lib\site-packages\asyncpg\connection.py:657: in _prepare
    stmt = await self._get_statement(
..\..\AppData\Local\Python\pythoncore-3.14-64\Lib\site-packages\asyncpg\connection.py:443: in _get_statement
    statement = await self._protocol.prepare(
_ _ _ _ _ _ _ _ _ _ _ _ _ _ _ _ _ _ _ _ _ _ _ _ _ _ _ _ _ _ _ _ _ _ _ _ _ _ _ _

>   ???
E   asyncpg.exceptions.UndefinedColumnError: column "category" of relation "documents" does not exist

asyncpg/protocol/protocol.pyx:165: UndefinedColumnError

The above exception was the direct cause of the following exception:

self = <sqlalchemy.engine.base.Connection object at 0x000001C6AEA31160>
dialect = <sqlalchemy.dialects.postgresql.asyncpg.PGDialect_asyncpg object at 0x000001C6AEA147D0>
context = <sqlalchemy.dialects.postgresql.asyncpg.PGExecutionContext_asyncpg object at 0x000001C6AE9C28B0>
statement = <sqlalchemy.dialects.postgresql.asyncpg.PGCompiler_asyncpg object at 0x000001C6AEA17610>
parameters = [('719ec08b-f2b9-41fa-a8b4-c2d21a74b568', 'Test Deep Analysis', None, None, 'Legal', 'Contratto', ...)]

    def _exec_single_context(
        self,
        dialect: Dialect,
        context: ExecutionContext,
        statement: Union[str, Compiled],
        parameters: Optional[_AnyMultiExecuteParams],
    ) -> CursorResult[Any]:
        """continue the _execute_context() method for a single DBAPI
        cursor.execute() or cursor.executemany() call.
    
        """
        if dialect.bind_typing is BindTyping.SETINPUTSIZES:
            generic_setinputsizes = context._prepare_set_input_sizes()
    
            if generic_setinputsizes:
                try:
                    dialect.do_set_input_sizes(
                        context.cursor, generic_setinputsizes, context
                    )
                except BaseException as e:
                    self._handle_dbapi_exception(
                        e, str(statement), parameters, None, context
                    )
    
        cursor, str_statement, parameters = (
            context.cursor,
            context.statement,
            context.parameters,
        )
    
        effective_parameters: Optional[_AnyExecuteParams]
    
        if not context.executemany:
            effective_parameters = parameters[0]
        else:
            effective_parameters = parameters
    
        if self._has_events or self.engine._has_events:
            for fn in self.dispatch.before_cursor_execute:
                str_statement, effective_parameters = fn(
                    self,
                    cursor,
                    str_statement,
                    effective_parameters,
                    context,
                    context.executemany,
                )
    
        if self._echo:
            self._log_info(str_statement)
    
            stats = context._get_cache_stats()
    
            if not self.engine.hide_parameters:
                self._log_info(
                    "[%s] %r",
                    stats,
                    sql_util._repr_params(
                        effective_parameters,
                        batches=10,
                        ismulti=context.executemany,
                    ),
                )
            else:
                self._log_info(
                    "[%s] [SQL parameters hidden due to hide_parameters=True]",
                    stats,
                )
    
        evt_handled: bool = False
        try:
            if context.execute_style is ExecuteStyle.EXECUTEMANY:
                effective_parameters = cast(
                    "_CoreMultiExecuteParams", effective_parameters
                )
                if self.dialect._has_events:
                    for fn in self.dialect.dispatch.do_executemany:
                        if fn(
                            cursor,
                            str_statement,
                            effective_parameters,
                            context,
                        ):
                            evt_handled = True
                            break
                if not evt_handled:
                    self.dialect.do_executemany(
                        cursor,
                        str_statement,
                        effective_parameters,
                        context,
                    )
            elif not effective_parameters and context.no_parameters:
                if self.dialect._has_events:
                    for fn in self.dialect.dispatch.do_execute_no_params:
                        if fn(cursor, str_statement, context):
                            evt_handled = True
                            break
                if not evt_handled:
                    self.dialect.do_execute_no_params(
                        cursor, str_statement, context
                    )
            else:
                effective_parameters = cast(
                    "_CoreSingleExecuteParams", effective_parameters
                )
                if self.dialect._has_events:
                    for fn in self.dialect.dispatch.do_execute:
                        if fn(
                            cursor,
                            str_statement,
                            effective_parameters,
                            context,
                        ):
                            evt_handled = True
                            break
                if not evt_handled:
>                   self.dialect.do_execute(
                        cursor, str_statement, effective_parameters, context
                    )

..\..\AppData\Local\Python\pythoncore-3.14-64\Lib\site-packages\sqlalchemy\engine\base.py:1967: 
_ _ _ _ _ _ _ _ _ _ _ _ _ _ _ _ _ _ _ _ _ _ _ _ _ _ _ _ _ _ _ _ _ _ _ _ _ _ _ _
..\..\AppData\Local\Python\pythoncore-3.14-64\Lib\site-packages\sqlalchemy\engine\default.py:952: in do_execute
    cursor.execute(statement, parameters)
..\..\AppData\Local\Python\pythoncore-3.14-64\Lib\site-packages\sqlalchemy\dialects\postgresql\asyncpg.py:585: in execute
    self._adapt_connection.await_(
..\..\AppData\Local\Python\pythoncore-3.14-64\Lib\site-packages\sqlalchemy\util\_concurrency_py3k.py:132: in await_only
    return current.parent.switch(awaitable)  # type: ignore[no-any-return,attr-defined] # noqa: E501
..\..\AppData\Local\Python\pythoncore-3.14-64\Lib\site-packages\sqlalchemy\util\_concurrency_py3k.py:196: in greenlet_spawn
    value = await result
..\..\AppData\Local\Python\pythoncore-3.14-64\Lib\site-packages\sqlalchemy\dialects\postgresql\asyncpg.py:563: in _prepare_and_execute
    self._handle_exception(error)
..\..\AppData\Local\Python\pythoncore-3.14-64\Lib\site-packages\sqlalchemy\dialects\postgresql\asyncpg.py:513: in _handle_exception
    self._adapt_connection._handle_exception(error)
_ _ _ _ _ _ _ _ _ _ _ _ _ _ _ _ _ _ _ _ _ _ _ _ _ _ _ _ _ _ _ _ _ _ _ _ _ _ _ _

self = <AdaptedConnection <asyncpg.connection.Connection object at 0x000001C6AE85A8A0>>
error = UndefinedColumnError('column "category" of relation "documents" does not exist')

    def _handle_exception(self, error):
        if self._connection.is_closed():
            self._transaction = None
            self._started = False
    
        if not isinstance(error, AsyncAdapt_asyncpg_dbapi.Error):
            exception_mapping = self.dbapi._asyncpg_error_translate
    
            for super_ in type(error).__mro__:
                if super_ in exception_mapping:
                    translated_error = exception_mapping[super_](
                        "%s: %s" % (type(error), error)
                    )
                    translated_error.pgcode = translated_error.sqlstate = (
                        getattr(error, "sqlstate", None)
                    )
>                   raise translated_error from error
E                   sqlalchemy.dialects.postgresql.asyncpg.AsyncAdapt_asyncpg_dbapi.ProgrammingError: <class 'asyncpg.exceptions.UndefinedColumnError'>: column "category" of relation "documents" does not exist

..\..\AppData\Local\Python\pythoncore-3.14-64\Lib\site-packages\sqlalchemy\dialects\postgresql\asyncpg.py:797: ProgrammingError

The above exception was the direct cause of the following exception:

client = <httpx.AsyncClient object at 0x000001C6AE99BCB0>
auth_headers = {'Authorization': 'Bearer eyJhbGciOiJIUzI1NiIsInR5cCI6IkpXVCJ9.eyJleHAiOjE3NzI3MzEzNTgsInN1YiI6ImFkbWluX3Rlc3RAZXhhbXBsZS5jb20iLCJ0eXBlIjoiYWNjZXNzIn0.ng0e3CVNo3QlH5kOKV0SKZLHWwFQRfGkxNAKCPxZiLI'}
db_session = <sqlalchemy.ext.asyncio.session.AsyncSession object at 0x000001C6AEA30590>

    @pytest.mark.asyncio
    async def test_tag_validation_workflow(client, auth_headers, db_session):
        """Verifica il workflow di approvazione e rifiuto dei tag AI."""
        # 1. Setup: Creiamo un documento con un tag suggested
        # Usiamo lo store esistente o creiamo manualmente
        from uuid import uuid4
        doc_id = str(uuid4())
    
        # Per semplicitÓ, usiamo un documento reale se possibile, o creiamone uno
        # Dato che i test di integrazione sono complessi, proviamo a usare l'API se possibile
        # Ma non abbiamo un endpoint "create mock doc with AI tags"
        # Quindi creiamo via DB
    
        doc = Document(id=doc_id, title="Test Deep Analysis", department="Legal", category="Contratto")
        db_session.add(doc)
>       await db_session.flush()

backend\tests\test_deep_analysis.py:22: 
_ _ _ _ _ _ _ _ _ _ _ _ _ _ _ _ _ _ _ _ _ _ _ _ _ _ _ _ _ _ _ _ _ _ _ _ _ _ _ _
..\..\AppData\Local\Python\pythoncore-3.14-64\Lib\site-packages\sqlalchemy\ext\asyncio\session.py:787: in flush
    await greenlet_spawn(self.sync_session.flush, objects=objects)
..\..\AppData\Local\Python\pythoncore-3.14-64\Lib\site-packages\sqlalchemy\util\_concurrency_py3k.py:203: in greenlet_spawn
    result = context.switch(value)
..\..\AppData\Local\Python\pythoncore-3.14-64\Lib\site-packages\sqlalchemy\orm\session.py:4331: in flush
    self._flush(objects)
..\..\AppData\Local\Python\pythoncore-3.14-64\Lib\site-packages\sqlalchemy\orm\session.py:4466: in _flush
    with util.safe_reraise():
..\..\AppData\Local\Python\pythoncore-3.14-64\Lib\site-packages\sqlalchemy\util\langhelpers.py:121: in __exit__
    raise exc_value.with_traceback(exc_tb)
..\..\AppData\Local\Python\pythoncore-3.14-64\Lib\site-packages\sqlalchemy\orm\session.py:4427: in _flush
    flush_context.execute()
..\..\AppData\Local\Python\pythoncore-3.14-64\Lib\site-packages\sqlalchemy\orm\unitofwork.py:466: in execute
    rec.execute(self)
..\..\AppData\Local\Python\pythoncore-3.14-64\Lib\site-packages\sqlalchemy\orm\unitofwork.py:642: in execute
    util.preloaded.orm_persistence.save_obj(
..\..\AppData\Local\Python\pythoncore-3.14-64\Lib\site-packages\sqlalchemy\orm\persistence.py:93: in save_obj
    _emit_insert_statements(
..\..\AppData\Local\Python\pythoncore-3.14-64\Lib\site-packages\sqlalchemy\orm\persistence.py:1233: in _emit_insert_statements
    result = connection.execute(
..\..\AppData\Local\Python\pythoncore-3.14-64\Lib\site-packages\sqlalchemy\engine\base.py:1419: in execute
    return meth(
..\..\AppData\Local\Python\pythoncore-3.14-64\Lib\site-packages\sqlalchemy\sql\elements.py:527: in _execute_on_connection
    return connection._execute_clauseelement(
..\..\AppData\Local\Python\pythoncore-3.14-64\Lib\site-packages\sqlalchemy\engine\base.py:1641: in _execute_clauseelement
    ret = self._execute_context(
..\..\AppData\Local\Python\pythoncore-3.14-64\Lib\site-packages\sqlalchemy\engine\base.py:1846: in _execute_context
    return self._exec_single_context(
..\..\AppData\Local\Python\pythoncore-3.14-64\Lib\site-packages\sqlalchemy\engine\base.py:1986: in _exec_single_context
    self._handle_dbapi_exception(
..\..\AppData\Local\Python\pythoncore-3.14-64\Lib\site-packages\sqlalchemy\engine\base.py:2363: in _handle_dbapi_exception
    raise sqlalchemy_exception.with_traceback(exc_info[2]) from e
..\..\AppData\Local\Python\pythoncore-3.14-64\Lib\site-packages\sqlalchemy\engine\base.py:1967: in _exec_single_context
    self.dialect.do_execute(
..\..\AppData\Local\Python\pythoncore-3.14-64\Lib\site-packages\sqlalchemy\engine\default.py:952: in do_execute
    cursor.execute(statement, parameters)
..\..\AppData\Local\Python\pythoncore-3.14-64\Lib\site-packages\sqlalchemy\dialects\postgresql\asyncpg.py:585: in execute
    self._adapt_connection.await_(
..\..\AppData\Local\Python\pythoncore-3.14-64\Lib\site-packages\sqlalchemy\util\_concurrency_py3k.py:132: in await_only
    return current.parent.switch(awaitable)  # type: ignore[no-any-return,attr-defined] # noqa: E501
..\..\AppData\Local\Python\pythoncore-3.14-64\Lib\site-packages\sqlalchemy\util\_concurrency_py3k.py:196: in greenlet_spawn
    value = await result
..\..\AppData\Local\Python\pythoncore-3.14-64\Lib\site-packages\sqlalchemy\dialects\postgresql\asyncpg.py:563: in _prepare_and_execute
    self._handle_exception(error)
..\..\AppData\Local\Python\pythoncore-3.14-64\Lib\site-packages\sqlalchemy\dialects\postgresql\asyncpg.py:513: in _handle_exception
    self._adapt_connection._handle_exception(error)
_ _ _ _ _ _ _ _ _ _ _ _ _ _ _ _ _ _ _ _ _ _ _ _ _ _ _ _ _ _ _ _ _ _ _ _ _ _ _ _

self = <AdaptedConnection <asyncpg.connection.Connection object at 0x000001C6AE85A8A0>>
error = UndefinedColumnError('column "category" of relation "documents" does not exist')

    def _handle_exception(self, error):
        if self._connection.is_closed():
            self._transaction = None
            self._started = False
    
        if not isinstance(error, AsyncAdapt_asyncpg_dbapi.Error):
            exception_mapping = self.dbapi._asyncpg_error_translate
    
            for super_ in type(error).__mro__:
                if super_ in exception_mapping:
                    translated_error = exception_mapping[super_](
                        "%s: %s" % (type(error), error)
                    )
                    translated_error.pgcode = translated_error.sqlstate = (
                        getattr(error, "sqlstate", None)
                    )
>                   raise translated_error from error
E                   sqlalchemy.exc.ProgrammingError: (sqlalchemy.dialects.postgresql.asyncpg.ProgrammingError) <class 'asyncpg.exceptions.UndefinedColumnError'>: column "category" of relation "documents" does not exist
E                   [SQL: INSERT INTO documents (id, title, file_type, owner_id, department, category, status, current_version_id, is_restricted, is_deleted, deleted_at) VALUES ($1::UUID, $2::VARCHAR, $3::VARCHAR, $4::UUID, $5::VARCHAR, $6::VARCHAR, $7::documentstatus, $8::UUID, $9::BOOLEAN, $10::BOOLEAN, $11::TIMESTAMP WITH TIME ZONE) RETURNING documents.created_at]
E                   [parameters: ('719ec08b-f2b9-41fa-a8b4-c2d21a74b568', 'Test Deep Analysis', None, None, 'Legal', 'Contratto', 'draft', None, False, False, None)]
E                   (Background on this error at: https://sqlalche.me/e/20/f405)

..\..\AppData\Local\Python\pythoncore-3.14-64\Lib\site-packages\sqlalchemy\dialects\postgresql\asyncpg.py:797: ProgrammingError
=========================== short test summary info ===========================
FAILED backend\tests\test_deep_analysis.py::test_tag_validation_workflow - sq...
ERROR backend\tests\test_deep_analysis.py::test_deep_analysis_data_exposure
ERROR backend\tests\test_governance.py::test_create_segnalazione_and_history
ERROR backend\tests\test_governance.py::test_update_segnalazione_status_and_history
ERROR backend\tests\test_governance.py::test_update_segnalazione_assignment_and_history
ERROR backend\tests\test_governance.py::test_get_segnalazione_with_history - ...
========================= 1 failed, 5 errors in 3.12s =========================
