============================= test session starts =============================
platform win32 -- Python 3.14.0, pytest-8.0.0, pluggy-1.6.0 -- C:\Users\ChristianRobecchi\AppData\Local\Python\pythoncore-3.14-64\python.exe
cachedir: .pytest_cache
rootdir: C:\Users\ChristianRobecchi\Downloads\Documentale\backend
configfile: pytest.ini
plugins: anyio-4.12.1, asyncio-0.23.5, cov-7.0.0
asyncio: mode=Mode.AUTO
collecting ... collected 2 items

backend\tests\test_deep_analysis.py::test_tag_validation_workflow ERROR
backend\tests\test_deep_analysis.py::test_deep_analysis_data_exposure ERROR

=================================== ERRORS ====================================
_______________ ERROR at setup of test_tag_validation_workflow ________________

self = <sqlalchemy.dialects.postgresql.asyncpg.AsyncAdapt_asyncpg_cursor object at 0x000002597779C1C0>
operation = 'INSERT INTO users (id, email, hashed_password, role, department, is_active) VALUES ($1::UUID, $2::VARCHAR, $3::VARCHAR, $4::userrole, $5::VARCHAR, $6::BOOLEAN)'
parameters = (UUID('91182241-797a-4583-9ba4-07e91f4255ce'), 'admin_test@example.com', '$2b$12$3fikYPACDEt040Yg8ZO1EeRJ3MjStNb6Ju02aewrS/TJ5/h2sUZiC', 'ADMIN', None, True)

    async def _prepare_and_execute(self, operation, parameters):
        adapt_connection = self._adapt_connection
    
        async with adapt_connection._execute_mutex:
            if not adapt_connection._started:
                await adapt_connection._start_transaction()
    
            if parameters is None:
                parameters = ()
    
            try:
                prepared_stmt, attributes = await adapt_connection._prepare(
                    operation, self._invalidate_schema_cache_asof
                )
    
                if attributes:
                    self.description = [
                        (
                            attr.name,
                            attr.type.oid,
                            None,
                            None,
                            None,
                            None,
                            None,
                        )
                        for attr in attributes
                    ]
                else:
                    self.description = None
    
                if self.server_side:
                    self._cursor = await prepared_stmt.cursor(*parameters)
                    self.rowcount = -1
                else:
>                   self._rows = deque(await prepared_stmt.fetch(*parameters))

..\..\AppData\Local\Python\pythoncore-3.14-64\Lib\site-packages\sqlalchemy\dialects\postgresql\asyncpg.py:550: 
_ _ _ _ _ _ _ _ _ _ _ _ _ _ _ _ _ _ _ _ _ _ _ _ _ _ _ _ _ _ _ _ _ _ _ _ _ _ _ _
..\..\AppData\Local\Python\pythoncore-3.14-64\Lib\site-packages\asyncpg\prepared_stmt.py:177: in fetch
    data = await self.__bind_execute(args, 0, timeout)
..\..\AppData\Local\Python\pythoncore-3.14-64\Lib\site-packages\asyncpg\prepared_stmt.py:268: in __bind_execute
    data, status, _ = await self.__do_execute(
..\..\AppData\Local\Python\pythoncore-3.14-64\Lib\site-packages\asyncpg\prepared_stmt.py:257: in __do_execute
    return await executor(protocol)
_ _ _ _ _ _ _ _ _ _ _ _ _ _ _ _ _ _ _ _ _ _ _ _ _ _ _ _ _ _ _ _ _ _ _ _ _ _ _ _

>   ???
E   asyncpg.exceptions.UniqueViolationError: duplicate key value violates unique constraint "ix_users_email"
E   DETAIL:  Key (email)=(admin_test@example.com) already exists.

asyncpg/protocol/protocol.pyx:205: UniqueViolationError

The above exception was the direct cause of the following exception:

self = <sqlalchemy.engine.base.Connection object at 0x000002597770DBE0>
dialect = <sqlalchemy.dialects.postgresql.asyncpg.PGDialect_asyncpg object at 0x00000259776A8E10>
context = <sqlalchemy.dialects.postgresql.asyncpg.PGExecutionContext_asyncpg object at 0x0000025977771BA0>
statement = <sqlalchemy.dialects.postgresql.asyncpg.PGCompiler_asyncpg object at 0x000002597770E120>
parameters = [(UUID('91182241-797a-4583-9ba4-07e91f4255ce'), 'admin_test@example.com', '$2b$12$3fikYPACDEt040Yg8ZO1EeRJ3MjStNb6Ju02aewrS/TJ5/h2sUZiC', 'ADMIN', None, True)]

    def _exec_single_context(
        self,
        dialect: Dialect,
        context: ExecutionContext,
        statement: Union[str, Compiled],
        parameters: Optional[_AnyMultiExecuteParams],
    ) -> CursorResult[Any]:
        """continue the _execute_context() method for a single DBAPI
        cursor.execute() or cursor.executemany() call.
    
        """
        if dialect.bind_typing is BindTyping.SETINPUTSIZES:
            generic_setinputsizes = context._prepare_set_input_sizes()
    
            if generic_setinputsizes:
                try:
                    dialect.do_set_input_sizes(
                        context.cursor, generic_setinputsizes, context
                    )
                except BaseException as e:
                    self._handle_dbapi_exception(
                        e, str(statement), parameters, None, context
                    )
    
        cursor, str_statement, parameters = (
            context.cursor,
            context.statement,
            context.parameters,
        )
    
        effective_parameters: Optional[_AnyExecuteParams]
    
        if not context.executemany:
            effective_parameters = parameters[0]
        else:
            effective_parameters = parameters
    
        if self._has_events or self.engine._has_events:
            for fn in self.dispatch.before_cursor_execute:
                str_statement, effective_parameters = fn(
                    self,
                    cursor,
                    str_statement,
                    effective_parameters,
                    context,
                    context.executemany,
                )
    
        if self._echo:
            self._log_info(str_statement)
    
            stats = context._get_cache_stats()
    
            if not self.engine.hide_parameters:
                self._log_info(
                    "[%s] %r",
                    stats,
                    sql_util._repr_params(
                        effective_parameters,
                        batches=10,
                        ismulti=context.executemany,
                    ),
                )
            else:
                self._log_info(
                    "[%s] [SQL parameters hidden due to hide_parameters=True]",
                    stats,
                )
    
        evt_handled: bool = False
        try:
            if context.execute_style is ExecuteStyle.EXECUTEMANY:
                effective_parameters = cast(
                    "_CoreMultiExecuteParams", effective_parameters
                )
                if self.dialect._has_events:
                    for fn in self.dialect.dispatch.do_executemany:
                        if fn(
                            cursor,
                            str_statement,
                            effective_parameters,
                            context,
                        ):
                            evt_handled = True
                            break
                if not evt_handled:
                    self.dialect.do_executemany(
                        cursor,
                        str_statement,
                        effective_parameters,
                        context,
                    )
            elif not effective_parameters and context.no_parameters:
                if self.dialect._has_events:
                    for fn in self.dialect.dispatch.do_execute_no_params:
                        if fn(cursor, str_statement, context):
                            evt_handled = True
                            break
                if not evt_handled:
                    self.dialect.do_execute_no_params(
                        cursor, str_statement, context
                    )
            else:
                effective_parameters = cast(
                    "_CoreSingleExecuteParams", effective_parameters
                )
                if self.dialect._has_events:
                    for fn in self.dialect.dispatch.do_execute:
                        if fn(
                            cursor,
                            str_statement,
                            effective_parameters,
                            context,
                        ):
                            evt_handled = True
                            break
                if not evt_handled:
>                   self.dialect.do_execute(
                        cursor, str_statement, effective_parameters, context
                    )

..\..\AppData\Local\Python\pythoncore-3.14-64\Lib\site-packages\sqlalchemy\engine\base.py:1967: 
_ _ _ _ _ _ _ _ _ _ _ _ _ _ _ _ _ _ _ _ _ _ _ _ _ _ _ _ _ _ _ _ _ _ _ _ _ _ _ _
..\..\AppData\Local\Python\pythoncore-3.14-64\Lib\site-packages\sqlalchemy\engine\default.py:952: in do_execute
    cursor.execute(statement, parameters)
..\..\AppData\Local\Python\pythoncore-3.14-64\Lib\site-packages\sqlalchemy\dialects\postgresql\asyncpg.py:585: in execute
    self._adapt_connection.await_(
..\..\AppData\Local\Python\pythoncore-3.14-64\Lib\site-packages\sqlalchemy\util\_concurrency_py3k.py:132: in await_only
    return current.parent.switch(awaitable)  # type: ignore[no-any-return,attr-defined] # noqa: E501
..\..\AppData\Local\Python\pythoncore-3.14-64\Lib\site-packages\sqlalchemy\util\_concurrency_py3k.py:196: in greenlet_spawn
    value = await result
..\..\AppData\Local\Python\pythoncore-3.14-64\Lib\site-packages\sqlalchemy\dialects\postgresql\asyncpg.py:563: in _prepare_and_execute
    self._handle_exception(error)
..\..\AppData\Local\Python\pythoncore-3.14-64\Lib\site-packages\sqlalchemy\dialects\postgresql\asyncpg.py:513: in _handle_exception
    self._adapt_connection._handle_exception(error)
_ _ _ _ _ _ _ _ _ _ _ _ _ _ _ _ _ _ _ _ _ _ _ _ _ _ _ _ _ _ _ _ _ _ _ _ _ _ _ _

self = <AdaptedConnection <asyncpg.connection.Connection object at 0x00000259777EAB70>>
error = UniqueViolationError('duplicate key value violates unique constraint "ix_users_email"')

    def _handle_exception(self, error):
        if self._connection.is_closed():
            self._transaction = None
            self._started = False
    
        if not isinstance(error, AsyncAdapt_asyncpg_dbapi.Error):
            exception_mapping = self.dbapi._asyncpg_error_translate
    
            for super_ in type(error).__mro__:
                if super_ in exception_mapping:
                    translated_error = exception_mapping[super_](
                        "%s: %s" % (type(error), error)
                    )
                    translated_error.pgcode = translated_error.sqlstate = (
                        getattr(error, "sqlstate", None)
                    )
>                   raise translated_error from error
E                   sqlalchemy.dialects.postgresql.asyncpg.AsyncAdapt_asyncpg_dbapi.IntegrityError: <class 'asyncpg.exceptions.UniqueViolationError'>: duplicate key value violates unique constraint "ix_users_email"
E                   DETAIL:  Key (email)=(admin_test@example.com) already exists.

..\..\AppData\Local\Python\pythoncore-3.14-64\Lib\site-packages\sqlalchemy\dialects\postgresql\asyncpg.py:797: IntegrityError

The above exception was the direct cause of the following exception:

request = <SubRequest 'admin_user' for <Coroutine test_tag_validation_workflow>>
kwargs = {'db_session': <sqlalchemy.ext.asyncio.session.AsyncSession object at 0x000002597770C590>}
setup = <function _wrap_async_fixture.<locals>._async_fixture_wrapper.<locals>.setup at 0x00000259776DE090>

    @functools.wraps(fixture)
    def _async_fixture_wrapper(request: SubRequest, **kwargs: Any):
        func = _perhaps_rebind_fixture_func(
            fixture, request.instance, fixturedef.unittest
        )
        event_loop = kwargs.pop(event_loop_fixture_id)
    
        async def setup():
            res = await func(
                **_add_kwargs(func, kwargs, event_loop_fixture_id, event_loop, request)
            )
            return res
    
>       return event_loop.run_until_complete(setup())

..\..\AppData\Local\Python\pythoncore-3.14-64\Lib\site-packages\pytest_asyncio\plugin.py:370: 
_ _ _ _ _ _ _ _ _ _ _ _ _ _ _ _ _ _ _ _ _ _ _ _ _ _ _ _ _ _ _ _ _ _ _ _ _ _ _ _
..\..\AppData\Local\Python\pythoncore-3.14-64\Lib\asyncio\base_events.py:719: in run_until_complete
    return future.result()
..\..\AppData\Local\Python\pythoncore-3.14-64\Lib\site-packages\pytest_asyncio\plugin.py:365: in setup
    res = await func(
backend\tests\conftest.py:68: in admin_user
    await db_session.commit()
..\..\AppData\Local\Python\pythoncore-3.14-64\Lib\site-packages\sqlalchemy\ext\asyncio\session.py:1000: in commit
    await greenlet_spawn(self.sync_session.commit)
..\..\AppData\Local\Python\pythoncore-3.14-64\Lib\site-packages\sqlalchemy\util\_concurrency_py3k.py:203: in greenlet_spawn
    result = context.switch(value)
..\..\AppData\Local\Python\pythoncore-3.14-64\Lib\site-packages\sqlalchemy\orm\session.py:2030: in commit
    trans.commit(_to_root=True)
..\..\AppData\Local\Python\pythoncore-3.14-64\Lib\site-packages\sqlalchemy\orm\state_changes.py:137: in _go
    ret_value = fn(self, *arg, **kw)
..\..\AppData\Local\Python\pythoncore-3.14-64\Lib\site-packages\sqlalchemy\orm\session.py:1311: in commit
    self._prepare_impl()
..\..\AppData\Local\Python\pythoncore-3.14-64\Lib\site-packages\sqlalchemy\orm\state_changes.py:137: in _go
    ret_value = fn(self, *arg, **kw)
..\..\AppData\Local\Python\pythoncore-3.14-64\Lib\site-packages\sqlalchemy\orm\session.py:1286: in _prepare_impl
    self.session.flush()
..\..\AppData\Local\Python\pythoncore-3.14-64\Lib\site-packages\sqlalchemy\orm\session.py:4331: in flush
    self._flush(objects)
..\..\AppData\Local\Python\pythoncore-3.14-64\Lib\site-packages\sqlalchemy\orm\session.py:4466: in _flush
    with util.safe_reraise():
..\..\AppData\Local\Python\pythoncore-3.14-64\Lib\site-packages\sqlalchemy\util\langhelpers.py:121: in __exit__
    raise exc_value.with_traceback(exc_tb)
..\..\AppData\Local\Python\pythoncore-3.14-64\Lib\site-packages\sqlalchemy\orm\session.py:4427: in _flush
    flush_context.execute()
..\..\AppData\Local\Python\pythoncore-3.14-64\Lib\site-packages\sqlalchemy\orm\unitofwork.py:466: in execute
    rec.execute(self)
..\..\AppData\Local\Python\pythoncore-3.14-64\Lib\site-packages\sqlalchemy\orm\unitofwork.py:642: in execute
    util.preloaded.orm_persistence.save_obj(
..\..\AppData\Local\Python\pythoncore-3.14-64\Lib\site-packages\sqlalchemy\orm\persistence.py:93: in save_obj
    _emit_insert_statements(
..\..\AppData\Local\Python\pythoncore-3.14-64\Lib\site-packages\sqlalchemy\orm\persistence.py:1233: in _emit_insert_statements
    result = connection.execute(
..\..\AppData\Local\Python\pythoncore-3.14-64\Lib\site-packages\sqlalchemy\engine\base.py:1419: in execute
    return meth(
..\..\AppData\Local\Python\pythoncore-3.14-64\Lib\site-packages\sqlalchemy\sql\elements.py:527: in _execute_on_connection
    return connection._execute_clauseelement(
..\..\AppData\Local\Python\pythoncore-3.14-64\Lib\site-packages\sqlalchemy\engine\base.py:1641: in _execute_clauseelement
    ret = self._execute_context(
..\..\AppData\Local\Python\pythoncore-3.14-64\Lib\site-packages\sqlalchemy\engine\base.py:1846: in _execute_context
    return self._exec_single_context(
..\..\AppData\Local\Python\pythoncore-3.14-64\Lib\site-packages\sqlalchemy\engine\base.py:1986: in _exec_single_context
    self._handle_dbapi_exception(
..\..\AppData\Local\Python\pythoncore-3.14-64\Lib\site-packages\sqlalchemy\engine\base.py:2363: in _handle_dbapi_exception
    raise sqlalchemy_exception.with_traceback(exc_info[2]) from e
..\..\AppData\Local\Python\pythoncore-3.14-64\Lib\site-packages\sqlalchemy\engine\base.py:1967: in _exec_single_context
    self.dialect.do_execute(
..\..\AppData\Local\Python\pythoncore-3.14-64\Lib\site-packages\sqlalchemy\engine\default.py:952: in do_execute
    cursor.execute(statement, parameters)
..\..\AppData\Local\Python\pythoncore-3.14-64\Lib\site-packages\sqlalchemy\dialects\postgresql\asyncpg.py:585: in execute
    self._adapt_connection.await_(
..\..\AppData\Local\Python\pythoncore-3.14-64\Lib\site-packages\sqlalchemy\util\_concurrency_py3k.py:132: in await_only
    return current.parent.switch(awaitable)  # type: ignore[no-any-return,attr-defined] # noqa: E501
..\..\AppData\Local\Python\pythoncore-3.14-64\Lib\site-packages\sqlalchemy\util\_concurrency_py3k.py:196: in greenlet_spawn
    value = await result
..\..\AppData\Local\Python\pythoncore-3.14-64\Lib\site-packages\sqlalchemy\dialects\postgresql\asyncpg.py:563: in _prepare_and_execute
    self._handle_exception(error)
..\..\AppData\Local\Python\pythoncore-3.14-64\Lib\site-packages\sqlalchemy\dialects\postgresql\asyncpg.py:513: in _handle_exception
    self._adapt_connection._handle_exception(error)
_ _ _ _ _ _ _ _ _ _ _ _ _ _ _ _ _ _ _ _ _ _ _ _ _ _ _ _ _ _ _ _ _ _ _ _ _ _ _ _

self = <AdaptedConnection <asyncpg.connection.Connection object at 0x00000259777EAB70>>
error = UniqueViolationError('duplicate key value violates unique constraint "ix_users_email"')

    def _handle_exception(self, error):
        if self._connection.is_closed():
            self._transaction = None
            self._started = False
    
        if not isinstance(error, AsyncAdapt_asyncpg_dbapi.Error):
            exception_mapping = self.dbapi._asyncpg_error_translate
    
            for super_ in type(error).__mro__:
                if super_ in exception_mapping:
                    translated_error = exception_mapping[super_](
                        "%s: %s" % (type(error), error)
                    )
                    translated_error.pgcode = translated_error.sqlstate = (
                        getattr(error, "sqlstate", None)
                    )
>                   raise translated_error from error
E                   sqlalchemy.exc.IntegrityError: (sqlalchemy.dialects.postgresql.asyncpg.IntegrityError) <class 'asyncpg.exceptions.UniqueViolationError'>: duplicate key value violates unique constraint "ix_users_email"
E                   DETAIL:  Key (email)=(admin_test@example.com) already exists.
E                   [SQL: INSERT INTO users (id, email, hashed_password, role, department, is_active) VALUES ($1::UUID, $2::VARCHAR, $3::VARCHAR, $4::userrole, $5::VARCHAR, $6::BOOLEAN)]
E                   [parameters: (UUID('91182241-797a-4583-9ba4-07e91f4255ce'), 'admin_test@example.com', '$2b$12$3fikYPACDEt040Yg8ZO1EeRJ3MjStNb6Ju02aewrS/TJ5/h2sUZiC', 'ADMIN', None, True)]
E                   (Background on this error at: https://sqlalche.me/e/20/gkpj)

..\..\AppData\Local\Python\pythoncore-3.14-64\Lib\site-packages\sqlalchemy\dialects\postgresql\asyncpg.py:797: IntegrityError
_____________ ERROR at setup of test_deep_analysis_data_exposure ______________

self = <ProactorEventLoop running=False closed=True debug=False>
callback = <bound method BaseProtocol._on_waiter_completed of <asyncpg.protocol.protocol.Protocol object at 0x00000259734F45B0>>
context = <_contextvars.Context object at 0x0000025977697040>
args = (<Future finished exception=AttributeError("'NoneType' object has no attribute 'send'")>,)

    def call_soon(self, callback, *args, context=None):
        """Arrange for a callback to be called as soon as possible.
    
        This operates as a FIFO queue: callbacks are called in the
        order in which they are registered.  Each callback will be
        called exactly once.
    
        Any positional arguments after the callback will be passed to
        the callback when it is called.
        """
>       self._check_closed()

..\..\AppData\Local\Python\pythoncore-3.14-64\Lib\asyncio\base_events.py:827: 
_ _ _ _ _ _ _ _ _ _ _ _ _ _ _ _ _ _ _ _ _ _ _ _ _ _ _ _ _ _ _ _ _ _ _ _ _ _ _ _

self = <ProactorEventLoop running=False closed=True debug=False>

    def _check_closed(self):
        if self._closed:
>           raise RuntimeError('Event loop is closed')
E           RuntimeError: Event loop is closed

..\..\AppData\Local\Python\pythoncore-3.14-64\Lib\asyncio\base_events.py:550: RuntimeError

During handling of the above exception, another exception occurred:

request = <SubRequest 'admin_user' for <Coroutine test_deep_analysis_data_exposure>>
kwargs = {'db_session': <sqlalchemy.ext.asyncio.session.AsyncSession object at 0x0000025977D49590>}
setup = <function _wrap_async_fixture.<locals>._async_fixture_wrapper.<locals>.setup at 0x00000259776DD380>

    @functools.wraps(fixture)
    def _async_fixture_wrapper(request: SubRequest, **kwargs: Any):
        func = _perhaps_rebind_fixture_func(
            fixture, request.instance, fixturedef.unittest
        )
        event_loop = kwargs.pop(event_loop_fixture_id)
    
        async def setup():
            res = await func(
                **_add_kwargs(func, kwargs, event_loop_fixture_id, event_loop, request)
            )
            return res
    
>       return event_loop.run_until_complete(setup())

..\..\AppData\Local\Python\pythoncore-3.14-64\Lib\site-packages\pytest_asyncio\plugin.py:370: 
_ _ _ _ _ _ _ _ _ _ _ _ _ _ _ _ _ _ _ _ _ _ _ _ _ _ _ _ _ _ _ _ _ _ _ _ _ _ _ _
..\..\AppData\Local\Python\pythoncore-3.14-64\Lib\asyncio\base_events.py:719: in run_until_complete
    return future.result()
..\..\AppData\Local\Python\pythoncore-3.14-64\Lib\site-packages\pytest_asyncio\plugin.py:365: in setup
    res = await func(
backend\tests\conftest.py:68: in admin_user
    await db_session.commit()
..\..\AppData\Local\Python\pythoncore-3.14-64\Lib\site-packages\sqlalchemy\ext\asyncio\session.py:1000: in commit
    await greenlet_spawn(self.sync_session.commit)
..\..\AppData\Local\Python\pythoncore-3.14-64\Lib\site-packages\sqlalchemy\util\_concurrency_py3k.py:201: in greenlet_spawn
    result = context.throw(*sys.exc_info())
..\..\AppData\Local\Python\pythoncore-3.14-64\Lib\site-packages\sqlalchemy\orm\session.py:2030: in commit
    trans.commit(_to_root=True)
..\..\AppData\Local\Python\pythoncore-3.14-64\Lib\site-packages\sqlalchemy\orm\state_changes.py:137: in _go
    ret_value = fn(self, *arg, **kw)
..\..\AppData\Local\Python\pythoncore-3.14-64\Lib\site-packages\sqlalchemy\orm\session.py:1311: in commit
    self._prepare_impl()
..\..\AppData\Local\Python\pythoncore-3.14-64\Lib\site-packages\sqlalchemy\orm\state_changes.py:137: in _go
    ret_value = fn(self, *arg, **kw)
..\..\AppData\Local\Python\pythoncore-3.14-64\Lib\site-packages\sqlalchemy\orm\session.py:1286: in _prepare_impl
    self.session.flush()
..\..\AppData\Local\Python\pythoncore-3.14-64\Lib\site-packages\sqlalchemy\orm\session.py:4331: in flush
    self._flush(objects)
..\..\AppData\Local\Python\pythoncore-3.14-64\Lib\site-packages\sqlalchemy\orm\session.py:4466: in _flush
    with util.safe_reraise():
..\..\AppData\Local\Python\pythoncore-3.14-64\Lib\site-packages\sqlalchemy\util\langhelpers.py:121: in __exit__
    raise exc_value.with_traceback(exc_tb)
..\..\AppData\Local\Python\pythoncore-3.14-64\Lib\site-packages\sqlalchemy\orm\session.py:4427: in _flush
    flush_context.execute()
..\..\AppData\Local\Python\pythoncore-3.14-64\Lib\site-packages\sqlalchemy\orm\unitofwork.py:466: in execute
    rec.execute(self)
..\..\AppData\Local\Python\pythoncore-3.14-64\Lib\site-packages\sqlalchemy\orm\unitofwork.py:642: in execute
    util.preloaded.orm_persistence.save_obj(
..\..\AppData\Local\Python\pythoncore-3.14-64\Lib\site-packages\sqlalchemy\orm\persistence.py:93: in save_obj
    _emit_insert_statements(
..\..\AppData\Local\Python\pythoncore-3.14-64\Lib\site-packages\sqlalchemy\orm\persistence.py:1233: in _emit_insert_statements
    result = connection.execute(
..\..\AppData\Local\Python\pythoncore-3.14-64\Lib\site-packages\sqlalchemy\engine\base.py:1419: in execute
    return meth(
..\..\AppData\Local\Python\pythoncore-3.14-64\Lib\site-packages\sqlalchemy\sql\elements.py:527: in _execute_on_connection
    return connection._execute_clauseelement(
..\..\AppData\Local\Python\pythoncore-3.14-64\Lib\site-packages\sqlalchemy\engine\base.py:1641: in _execute_clauseelement
    ret = self._execute_context(
..\..\AppData\Local\Python\pythoncore-3.14-64\Lib\site-packages\sqlalchemy\engine\base.py:1846: in _execute_context
    return self._exec_single_context(
..\..\AppData\Local\Python\pythoncore-3.14-64\Lib\site-packages\sqlalchemy\engine\base.py:1986: in _exec_single_context
    self._handle_dbapi_exception(
..\..\AppData\Local\Python\pythoncore-3.14-64\Lib\site-packages\sqlalchemy\engine\base.py:2366: in _handle_dbapi_exception
    raise exc_info[1].with_traceback(exc_info[2])
..\..\AppData\Local\Python\pythoncore-3.14-64\Lib\site-packages\sqlalchemy\engine\base.py:1967: in _exec_single_context
    self.dialect.do_execute(
..\..\AppData\Local\Python\pythoncore-3.14-64\Lib\site-packages\sqlalchemy\engine\default.py:952: in do_execute
    cursor.execute(statement, parameters)
..\..\AppData\Local\Python\pythoncore-3.14-64\Lib\site-packages\sqlalchemy\dialects\postgresql\asyncpg.py:585: in execute
    self._adapt_connection.await_(
..\..\AppData\Local\Python\pythoncore-3.14-64\Lib\site-packages\sqlalchemy\util\_concurrency_py3k.py:132: in await_only
    return current.parent.switch(awaitable)  # type: ignore[no-any-return,attr-defined] # noqa: E501
..\..\AppData\Local\Python\pythoncore-3.14-64\Lib\site-packages\sqlalchemy\util\_concurrency_py3k.py:196: in greenlet_spawn
    value = await result
..\..\AppData\Local\Python\pythoncore-3.14-64\Lib\site-packages\sqlalchemy\dialects\postgresql\asyncpg.py:520: in _prepare_and_execute
    await adapt_connection._start_transaction()
..\..\AppData\Local\Python\pythoncore-3.14-64\Lib\site-packages\sqlalchemy\dialects\postgresql\asyncpg.py:850: in _start_transaction
    self._handle_exception(error)
..\..\AppData\Local\Python\pythoncore-3.14-64\Lib\site-packages\sqlalchemy\dialects\postgresql\asyncpg.py:799: in _handle_exception
    raise error
..\..\AppData\Local\Python\pythoncore-3.14-64\Lib\site-packages\sqlalchemy\dialects\postgresql\asyncpg.py:848: in _start_transaction
    await self._transaction.start()
..\..\AppData\Local\Python\pythoncore-3.14-64\Lib\site-packages\asyncpg\transaction.py:146: in start
    await self._connection.execute(query)
..\..\AppData\Local\Python\pythoncore-3.14-64\Lib\site-packages\asyncpg\connection.py:354: in execute
    result = await self._protocol.query(query, timeout)
asyncpg/protocol/protocol.pyx:369: in query
    ???
asyncpg/protocol/protocol.pyx:362: in asyncpg.protocol.protocol.BaseProtocol.query
    ???
asyncpg/protocol/coreproto.pyx:1174: in asyncpg.protocol.protocol.CoreProtocol._simple_query
    ???
asyncpg/protocol/protocol.pyx:956: in asyncpg.protocol.protocol.BaseProtocol._write
    ???
..\..\AppData\Local\Python\pythoncore-3.14-64\Lib\asyncio\proactor_events.py:366: in write
    self._loop_writing(data=bytes(data))
_ _ _ _ _ _ _ _ _ _ _ _ _ _ _ _ _ _ _ _ _ _ _ _ _ _ _ _ _ _ _ _ _ _ _ _ _ _ _ _

self = <_ProactorSocketTransport fd=1084 read=<_OverlappedFuture cancelled>>
f = None, data = b'Q\x00\x00\x00\x0bBEGIN;\x00'

    def _loop_writing(self, f=None, data=None):
        try:
            if f is not None and self._write_fut is None and self._closing:
                # XXX most likely self._force_close() has been called, and
                # it has set self._write_fut to None.
                return
            assert f is self._write_fut
            self._write_fut = None
            self._pending_write = 0
            if f:
                f.result()
            if data is None:
                data = self._buffer
                self._buffer = None
            if not data:
                if self._closing:
                    self._loop.call_soon(self._call_connection_lost, None)
                if self._eof_written:
                    self._sock.shutdown(socket.SHUT_WR)
                # Now that we've reduced the buffer size, tell the
                # protocol to resume writing if it was paused.  Note that
                # we do this last since the callback is called immediately
                # and it may add more data to the buffer (even causing the
                # protocol to be paused again).
                self._maybe_resume_protocol()
            else:
>               self._write_fut = self._loop._proactor.send(self._sock, data)
E               AttributeError: 'NoneType' object has no attribute 'send'

..\..\AppData\Local\Python\pythoncore-3.14-64\Lib\asyncio\proactor_events.py:402: AttributeError
============================== warnings summary ===============================
backend\app\schemas\doc_schemas.py:32
  C:\Users\ChristianRobecchi\Downloads\Documentale\backend\app\schemas\doc_schemas.py:32: PydanticDeprecatedSince20: Support for class-based `config` is deprecated, use ConfigDict instead. Deprecated in Pydantic V2.0 to be removed in V3.0. See Pydantic V2 Migration Guide at https://errors.pydantic.dev/2.12/migration/
    class UserResponse(UserBase):

backend\app\schemas\doc_schemas.py:53
  C:\Users\ChristianRobecchi\Downloads\Documentale\backend\app\schemas\doc_schemas.py:53: PydanticDeprecatedSince20: Support for class-based `config` is deprecated, use ConfigDict instead. Deprecated in Pydantic V2.0 to be removed in V3.0. See Pydantic V2 Migration Guide at https://errors.pydantic.dev/2.12/migration/
    class TagResponse(BaseModel):

backend\app\schemas\doc_schemas.py:60
  C:\Users\ChristianRobecchi\Downloads\Documentale\backend\app\schemas\doc_schemas.py:60: PydanticDeprecatedSince20: Support for class-based `config` is deprecated, use ConfigDict instead. Deprecated in Pydantic V2.0 to be removed in V3.0. See Pydantic V2 Migration Guide at https://errors.pydantic.dev/2.12/migration/
    class DocumentVersionTagResponse(BaseModel):

backend\app\schemas\doc_schemas.py:69
  C:\Users\ChristianRobecchi\Downloads\Documentale\backend\app\schemas\doc_schemas.py:69: PydanticDeprecatedSince20: Support for class-based `config` is deprecated, use ConfigDict instead. Deprecated in Pydantic V2.0 to be removed in V3.0. See Pydantic V2 Migration Guide at https://errors.pydantic.dev/2.12/migration/
    class DocumentVersionResponse(BaseModel):

backend\app\schemas\doc_schemas.py:82
  C:\Users\ChristianRobecchi\Downloads\Documentale\backend\app\schemas\doc_schemas.py:82: PydanticDeprecatedSince20: Support for class-based `config` is deprecated, use ConfigDict instead. Deprecated in Pydantic V2.0 to be removed in V3.0. See Pydantic V2 Migration Guide at https://errors.pydantic.dev/2.12/migration/
    class DocumentResponse(DocumentBase):

backend\app\schemas\doc_schemas.py:119
  C:\Users\ChristianRobecchi\Downloads\Documentale\backend\app\schemas\doc_schemas.py:119: PydanticDeprecatedSince20: Support for class-based `config` is deprecated, use ConfigDict instead. Deprecated in Pydantic V2.0 to be removed in V3.0. See Pydantic V2 Migration Guide at https://errors.pydantic.dev/2.12/migration/
    class DocumentShareResponse(BaseModel):

..\..\AppData\Local\Python\pythoncore-3.14-64\Lib\site-packages\slowapi\extension.py:717
..\..\AppData\Local\Python\pythoncore-3.14-64\Lib\site-packages\slowapi\extension.py:717
..\..\AppData\Local\Python\pythoncore-3.14-64\Lib\site-packages\slowapi\extension.py:717
..\..\AppData\Local\Python\pythoncore-3.14-64\Lib\site-packages\slowapi\extension.py:717
..\..\AppData\Local\Python\pythoncore-3.14-64\Lib\site-packages\slowapi\extension.py:717
..\..\AppData\Local\Python\pythoncore-3.14-64\Lib\site-packages\slowapi\extension.py:717
..\..\AppData\Local\Python\pythoncore-3.14-64\Lib\site-packages\slowapi\extension.py:717
  C:\Users\ChristianRobecchi\AppData\Local\Python\pythoncore-3.14-64\Lib\site-packages\slowapi\extension.py:717: DeprecationWarning: 'asyncio.iscoroutinefunction' is deprecated and slated for removal in Python 3.16; use inspect.iscoroutinefunction() instead
    if asyncio.iscoroutinefunction(func):

backend\app\schemas\comment_schemas.py:14
  C:\Users\ChristianRobecchi\Downloads\Documentale\backend\app\schemas\comment_schemas.py:14: PydanticDeprecatedSince20: Support for class-based `config` is deprecated, use ConfigDict instead. Deprecated in Pydantic V2.0 to be removed in V3.0. See Pydantic V2 Migration Guide at https://errors.pydantic.dev/2.12/migration/
    class CommentResponse(BaseModel):

backend\app\api\ai.py:7
  C:\Users\ChristianRobecchi\Downloads\Documentale\backend\app\api\ai.py:7: FutureWarning: 
  
  All support for the `google.generativeai` package has ended. It will no longer be receiving 
  updates or bug fixes. Please switch to the `google.genai` package as soon as possible.
  See README for more details:
  
  https://github.com/google-gemini/deprecated-generative-ai-python/blob/main/README.md
  
    import google.generativeai as genai

backend\app\schemas\ai_schemas.py:24
  C:\Users\ChristianRobecchi\Downloads\Documentale\backend\app\schemas\ai_schemas.py:24: PydanticDeprecatedSince20: Support for class-based `config` is deprecated, use ConfigDict instead. Deprecated in Pydantic V2.0 to be removed in V3.0. See Pydantic V2 Migration Guide at https://errors.pydantic.dev/2.12/migration/
    class ExtractedEntity(BaseModel):

backend\app\main.py:48
  C:\Users\ChristianRobecchi\Downloads\Documentale\backend\app\main.py:48: DeprecationWarning: 
          on_event is deprecated, use lifespan event handlers instead.
  
          Read more about it in the
          [FastAPI docs for Lifespan Events](https://fastapi.tiangolo.com/advanced/events/).
          
    @app.on_event("startup")

..\..\AppData\Local\Python\pythoncore-3.14-64\Lib\site-packages\fastapi\applications.py:4599
..\..\AppData\Local\Python\pythoncore-3.14-64\Lib\site-packages\fastapi\applications.py:4599
  C:\Users\ChristianRobecchi\AppData\Local\Python\pythoncore-3.14-64\Lib\site-packages\fastapi\applications.py:4599: DeprecationWarning: 
          on_event is deprecated, use lifespan event handlers instead.
  
          Read more about it in the
          [FastAPI docs for Lifespan Events](https://fastapi.tiangolo.com/advanced/events/).
          
    return self.router.on_event(event_type)

backend\app\main.py:109
  C:\Users\ChristianRobecchi\Downloads\Documentale\backend\app\main.py:109: DeprecationWarning: 
          on_event is deprecated, use lifespan event handlers instead.
  
          Read more about it in the
          [FastAPI docs for Lifespan Events](https://fastapi.tiangolo.com/advanced/events/).
          
    @app.on_event("shutdown")

..\..\AppData\Local\Python\pythoncore-3.14-64\Lib\site-packages\pytest_asyncio\plugin.py:168: 76 warnings
  C:\Users\ChristianRobecchi\AppData\Local\Python\pythoncore-3.14-64\Lib\site-packages\pytest_asyncio\plugin.py:168: DeprecationWarning: 'asyncio.iscoroutinefunction' is deprecated and slated for removal in Python 3.16; use inspect.iscoroutinefunction() instead
    return asyncio.iscoroutinefunction(obj) or inspect.isasyncgenfunction(obj)

..\..\AppData\Local\Python\pythoncore-3.14-64\Lib\site-packages\pytest_asyncio\plugin.py:433
..\..\AppData\Local\Python\pythoncore-3.14-64\Lib\site-packages\pytest_asyncio\plugin.py:433
  C:\Users\ChristianRobecchi\AppData\Local\Python\pythoncore-3.14-64\Lib\site-packages\pytest_asyncio\plugin.py:433: DeprecationWarning: 'asyncio.iscoroutinefunction' is deprecated and slated for removal in Python 3.16; use inspect.iscoroutinefunction() instead
    return asyncio.iscoroutinefunction(func)

tests/test_deep_analysis.py::test_tag_validation_workflow
  C:\Users\ChristianRobecchi\AppData\Local\Python\pythoncore-3.14-64\Lib\site-packages\pytest_asyncio\plugin.py:1006: DeprecationWarning: 'asyncio.get_event_loop_policy' is deprecated and slated for removal in Python 3.16
    return asyncio.get_event_loop_policy()

tests/test_deep_analysis.py::test_tag_validation_workflow
  C:\Users\ChristianRobecchi\AppData\Local\Python\pythoncore-3.14-64\Lib\site-packages\pytest_asyncio\plugin.py:668: DeprecationWarning: 'asyncio.get_event_loop_policy' is deprecated and slated for removal in Python 3.16
    old_loop_policy = asyncio.get_event_loop_policy()

tests/test_deep_analysis.py::test_tag_validation_workflow
  C:\Users\ChristianRobecchi\AppData\Local\Python\pythoncore-3.14-64\Lib\site-packages\pytest_asyncio\plugin.py:675: DeprecationWarning: 'asyncio.set_event_loop_policy' is deprecated and slated for removal in Python 3.16
    asyncio.set_event_loop_policy(policy)

tests/test_deep_analysis.py::test_tag_validation_workflow
tests/test_deep_analysis.py::test_deep_analysis_data_exposure
  C:\Users\ChristianRobecchi\AppData\Local\Python\pythoncore-3.14-64\Lib\site-packages\pytest_asyncio\plugin.py:759: DeprecationWarning: 'asyncio.get_event_loop_policy' is deprecated and slated for removal in Python 3.16
    _restore_event_loop_policy(asyncio.get_event_loop_policy()),

tests/test_deep_analysis.py::test_tag_validation_workflow
tests/test_deep_analysis.py::test_deep_analysis_data_exposure
  C:\Users\ChristianRobecchi\AppData\Local\Python\pythoncore-3.14-64\Lib\site-packages\pytest_asyncio\plugin.py:978: DeprecationWarning: 'asyncio.set_event_loop_policy' is deprecated and slated for removal in Python 3.16
    asyncio.set_event_loop_policy(new_loop_policy)

tests/test_deep_analysis.py::test_tag_validation_workflow
tests/test_deep_analysis.py::test_deep_analysis_data_exposure
  C:\Users\ChristianRobecchi\AppData\Local\Python\pythoncore-3.14-64\Lib\site-packages\pytest_asyncio\plugin.py:979: DeprecationWarning: 'asyncio.get_event_loop_policy' is deprecated and slated for removal in Python 3.16
    loop = asyncio.get_event_loop_policy().new_event_loop()

tests/test_deep_analysis.py::test_tag_validation_workflow
tests/test_deep_analysis.py::test_deep_analysis_data_exposure
  C:\Users\ChristianRobecchi\AppData\Local\Python\pythoncore-3.14-64\Lib\site-packages\pytest_asyncio\plugin.py:774: DeprecationWarning: 'asyncio.get_event_loop_policy' is deprecated and slated for removal in Python 3.16
    policy = asyncio.get_event_loop_policy()

tests/test_deep_analysis.py::test_tag_validation_workflow
tests/test_deep_analysis.py::test_deep_analysis_data_exposure
  C:\Users\ChristianRobecchi\AppData\Local\Python\pythoncore-3.14-64\Lib\site-packages\pytest_asyncio\plugin.py:821: DeprecationWarning: 'asyncio.get_event_loop_policy' is deprecated and slated for removal in Python 3.16
    policy = asyncio.get_event_loop_policy()

tests/test_deep_analysis.py::test_tag_validation_workflow
tests/test_deep_analysis.py::test_deep_analysis_data_exposure
  C:\Users\ChristianRobecchi\AppData\Local\Python\pythoncore-3.14-64\Lib\site-packages\pytest_asyncio\plugin.py:847: DeprecationWarning: 'asyncio.set_event_loop_policy' is deprecated and slated for removal in Python 3.16
    asyncio.set_event_loop_policy(previous_policy)

tests/test_deep_analysis.py::test_tag_validation_workflow
tests/test_deep_analysis.py::test_deep_analysis_data_exposure
  C:\Users\ChristianRobecchi\AppData\Local\Python\pythoncore-3.14-64\Lib\site-packages\pytest_asyncio\plugin.py:859: DeprecationWarning: 'asyncio.get_event_loop_policy' is deprecated and slated for removal in Python 3.16
    policy = asyncio.get_event_loop_policy()

tests/test_deep_analysis.py::test_deep_analysis_data_exposure
  C:\Users\ChristianRobecchi\AppData\Local\Python\pythoncore-3.14-64\Lib\site-packages\pytest_asyncio\plugin.py:679: DeprecationWarning: 'asyncio.set_event_loop_policy' is deprecated and slated for removal in Python 3.16
    asyncio.set_event_loop_policy(old_loop_policy)

-- Docs: https://docs.pytest.org/en/stable/how-to/capture-warnings.html
=========================== short test summary info ===========================
ERROR backend\tests\test_deep_analysis.py::test_tag_validation_workflow - sql...
ERROR backend\tests\test_deep_analysis.py::test_deep_analysis_data_exposure
======================= 116 warnings, 2 errors in 2.11s =======================
