Original Query failed: (sqlalchemy.dialects.postgresql.asyncpg.ProgrammingError) <class 'asyncpg.exceptions.UndefinedTableError'>: invalid reference to FROM-clause entry for table "doc_metadata"
HINT:  There is an entry for table "doc_metadata", but it cannot be referenced from this part of the query.
[SQL: 
            SELECT tag, count(*) 
            FROM doc_metadata, jsonb_array_elements_text(COALESCE(metadata_json->'tags', '[]'::jsonb)) as tag
            JOIN documents ON documents.id = doc_metadata.document_id
            WHERE documents.is_deleted = false
            GROUP BY tag
            ORDER BY count(*) DESC
            LIMIT 20
        ]
(Background on this error at: https://sqlalche.me/e/20/f405)
Fixed Query failed: (sqlalchemy.dialects.postgresql.asyncpg.Error) <class 'asyncpg.exceptions.InFailedSQLTransactionError'>: current transaction is aborted, commands ignored until end of transaction block
[SQL: 
            SELECT tag, count(*) 
            FROM doc_metadata dm
            CROSS JOIN LATERAL jsonb_array_elements_text(COALESCE(dm.metadata_json->'tags', '[]'::jsonb)) as tag
            JOIN documents d ON d.id = dm.document_id
            WHERE d.is_deleted = false
            GROUP BY tag
            ORDER BY count(*) DESC
            LIMIT 20
        ]
(Background on this error at: https://sqlalche.me/e/20/dbapi)
